73.2.14.72 - - [28/Apr/2015:19:03:43 -0500] "GET /img/virt_line.png HTTP/1.1" 403 513 "http://caus-solutions.com/style.css" "Mozilla/5.0 (Windows NT 6.1; WOW64; rv:37.0) Gecko/20100101 Firefox/37.0"
73.2.14.72 - - [28/Apr/2015:19:06:04 -0500] "GET /index.php HTTP/1.1" 500 637 "http://caus-solutions.com/PayPalPWYW.php" "Mozilla/5.0 (Windows NT 6.1; WOW64; rv:37.0) Gecko/20100101 Firefox/37.0"
73.2.14.72 - - [28/Apr/2015:19:06:04 -0500] "GET /style.css HTTP/1.1" 304 214 "http://caus-solutions.com/index.php" "Mozilla/5.0 (Windows NT 6.1; WOW64; rv:37.0) Gecko/20100101 Firefox/37.0"
73.2.14.72 - - [28/Apr/2015:19:06:04 -0500] "GET /img/page_bg.png HTTP/1.1" 403 511 "http://caus-solutions.com/style.css" "Mozilla/5.0 (Windows NT 6.1; WOW64; rv:37.0) Gecko/20100101 Firefox/37.0"
73.2.14.72 - - [28/Apr/2015:19:06:37 -0500] "GET /index.php HTTP/1.1" 500 637 "http://caus-solutions.com/PayPalPWYW.php" "Mozilla/5.0 (Windows NT 6.1; WOW64; rv:37.0) Gecko/20100101 Firefox/37.0"
73.2.14.72 - - [28/Apr/2015:19:06:37 -0500] "GET /style.css HTTP/1.1" 304 214 "http://caus-solutions.com/index.php" "Mozilla/5.0 (Windows NT 6.1; WOW64; rv:37.0) Gecko/20100101 Firefox/37.0"
73.2.14.72 - - [28/Apr/2015:19:06:37 -0500] "GET /img/page_bg.png HTTP/1.1" 403 511 "http://caus-solutions.com/style.css" "Mozilla/5.0 (Windows NT 6.1; WOW64; rv:37.0) Gecko/20100101 Firefox/37.0"
73.2.14.72 - - [28/Apr/2015:19:06:39 -0500] "GET /index.php HTTP/1.1" 500 637 "http://caus-solutions.com/PayPalPWYW.php" "Mozilla/5.0 (Windows NT 6.1; WOW64; rv:37.0) Gecko/20100101 Firefox/37.0"
73.2.14.72 - - [28/Apr/2015:19:06:39 -0500] "GET /style.css HTTP/1.1" 304 214 "http://caus-solutions.com/index.php" "Mozilla/5.0 (Windows NT 6.1; WOW64; rv:37.0) Gecko/20100101 Firefox/37.0"
73.2.14.72 - - [28/Apr/2015:19:06:39 -0500] "GET /img/page_bg.png HTTP/1.1" 403 511 "http://caus-solutions.com/style.css" "Mozilla/5.0 (Windows NT 6.1; WOW64; rv:37.0) Gecko/20100101 Firefox/37.0"
128.30.52.71 - - [28/Apr/2015:19:07:37 -0500] "GET /Example_ads/Example.php HTTP/1.1" 404 475 "-" "W3C_Validator/1.3 http://validator.w3.org/services"
73.2.14.72 - - [28/Apr/2015:19:09:37 -0500] "GET /index.php HTTP/1.1" 200 1815 "http://caus-solutions.com/PayPalPWYW.php" "Mozilla/5.0 (Windows NT 6.1; WOW64; rv:37.0) Gecko/20100101 Firefox/37.0"
73.2.14.72 - - [28/Apr/2015:19:09:37 -0500] "GET /style.css HTTP/1.1" 304 213 "http://caus-solutions.com/index.php" "Mozilla/5.0 (Windows NT 6.1; WOW64; rv:37.0) Gecko/20100101 Firefox/37.0"
73.2.14.72 - - [28/Apr/2015:19:09:37 -0500] "GET /img/vcss-blue.gif HTTP/1.1" 403 513 "http://caus-solutions.com/index.php" "Mozilla/5.0 (Windows NT 6.1; WOW64; rv:37.0) Gecko/20100101 Firefox/37.0"
73.2.14.72 - - [28/Apr/2015:19:09:37 -0500] "GET /img/valid-xhtml11-blue.png HTTP/1.1" 403 517 "http://caus-solutions.com/index.php" "Mozilla/5.0 (Windows NT 6.1; WOW64; rv:37.0) Gecko/20100101 Firefox/37.0"
73.2.14.72 - - [28/Apr/2015:19:09:37 -0500] "GET /img/page_bg.png HTTP/1.1" 403 512 "http://caus-solutions.com/style.css" "Mozilla/5.0 (Windows NT 6.1; WOW64; rv:37.0) Gecko/20100101 Firefox/37.0"
73.2.14.72 - - [28/Apr/2015:19:09:37 -0500] "GET /img/virt_line.png HTTP/1.1" 403 512 "http://caus-solutions.com/style.css" "Mozilla/5.0 (Windows NT 6.1; WOW64; rv:37.0) Gecko/20100101 Firefox/37.0"
73.2.14.72 - - [28/Apr/2015:19:10:42 -0500] "GET /index.php HTTP/1.1" 200 1815 "http://caus-solutions.com/PayPalPWYW.php" "Mozilla/5.0 (Windows NT 6.1; WOW64; rv:37.0) Gecko/20100101 Firefox/37.0"
73.2.14.72 - - [28/Apr/2015:19:10:42 -0500] "GET /style.css HTTP/1.1" 304 213 "http://caus-solutions.com/index.php" "Mozilla/5.0 (Windows NT 6.1; WOW64; rv:37.0) Gecko/20100101 Firefox/37.0"
73.2.14.72 - - [28/Apr/2015:19:10:42 -0500] "GET /img/vcss-blue.gif HTTP/1.1" 403 512 "http://caus-solutions.com/index.php" "Mozilla/5.0 (Windows NT 6.1; WOW64; rv:37.0) Gecko/20100101 Firefox/37.0"
73.2.14.72 - - [28/Apr/2015:19:10:42 -0500] "GET /img/valid-xhtml11-blue.png HTTP/1.1" 403 518 "http://caus-solutions.com/index.php" "Mozilla/5.0 (Windows NT 6.1; WOW64; rv:37.0) Gecko/20100101 Firefox/37.0"
73.2.14.72 - - [28/Apr/2015:19:10:42 -0500] "GET /img/page_bg.png HTTP/1.1" 403 512 "http://caus-solutions.com/style.css" "Mozilla/5.0 (Windows NT 6.1; WOW64; rv:37.0) Gecko/20100101 Firefox/37.0"
73.2.14.72 - - [28/Apr/2015:19:10:42 -0500] "GET /img/virt_line.png HTTP/1.1" 403 512 "http://caus-solutions.com/style.css" "Mozilla/5.0 (Windows NT 6.1; WOW64; rv:37.0) Gecko/20100101 Firefox/37.0"
73.2.14.72 - - [28/Apr/2015:19:10:57 -0500] "GET /index.php HTTP/1.1" 200 1814 "http://caus-solutions.com/PayPalPWYW.php" "Mozilla/5.0 (Windows NT 6.1; WOW64; rv:37.0) Gecko/20100101 Firefox/37.0"
73.2.14.72 - - [28/Apr/2015:19:10:57 -0500] "GET /style.css HTTP/1.1" 304 213 "http://caus-solutions.com/index.php" "Mozilla/5.0 (Windows NT 6.1; WOW64; rv:37.0) Gecko/20100101 Firefox/37.0"
73.2.14.72 - - [28/Apr/2015:19:10:57 -0500] "GET /img/vcss-blue.gif HTTP/1.1" 403 513 "http://caus-solutions.com/index.php" "Mozilla/5.0 (Windows NT 6.1; WOW64; rv:37.0) Gecko/20100101 Firefox/37.0"
73.2.14.72 - - [28/Apr/2015:19:10:57 -0500] "GET /img/valid-xhtml11-blue.png HTTP/1.1" 403 517 "http://caus-solutions.com/index.php" "Mozilla/5.0 (Windows NT 6.1; WOW64; rv:37.0) Gecko/20100101 Firefox/37.0"
73.2.14.72 - - [28/Apr/2015:19:10:57 -0500] "GET /img/page_bg.png HTTP/1.1" 403 511 "http://caus-solutions.com/style.css" "Mozilla/5.0 (Windows NT 6.1; WOW64; rv:37.0) Gecko/20100101 Firefox/37.0"
73.2.14.72 - - [28/Apr/2015:19:10:57 -0500] "GET /img/virt_line.png HTTP/1.1" 403 513 "http://caus-solutions.com/style.css" "Mozilla/5.0 (Windows NT 6.1; WOW64; rv:37.0) Gecko/20100101 Firefox/37.0"
73.2.14.72 - - [28/Apr/2015:19:12:20 -0500] "GET /index.php HTTP/1.1" 200 1814 "http://caus-solutions.com/PayPalPWYW.php" "Mozilla/5.0 (Windows NT 6.1; WOW64; rv:37.0) Gecko/20100101 Firefox/37.0"
73.2.14.72 - - [28/Apr/2015:19:12:20 -0500] "GET /style.css HTTP/1.1" 304 213 "http://caus-solutions.com/index.php" "Mozilla/5.0 (Windows NT 6.1; WOW64; rv:37.0) Gecko/20100101 Firefox/37.0"
73.2.14.72 - - [28/Apr/2015:19:12:20 -0500] "GET /img/valid-xhtml11-blue.png HTTP/1.1" 403 517 "http://caus-solutions.com/index.php" "Mozilla/5.0 (Windows NT 6.1; WOW64; rv:37.0) Gecko/20100101 Firefox/37.0"
73.2.14.72 - - [28/Apr/2015:19:12:20 -0500] "GET /img/vcss-blue.gif HTTP/1.1" 403 513 "http://caus-solutions.com/index.php" "Mozilla/5.0 (Windows NT 6.1; WOW64; rv:37.0) Gecko/20100101 Firefox/37.0"
73.2.14.72 - - [28/Apr/2015:19:12:20 -0500] "GET /img/page_bg.png HTTP/1.1" 403 512 "http://caus-solutions.com/style.css" "Mozilla/5.0 (Windows NT 6.1; WOW64; rv:37.0) Gecko/20100101 Firefox/37.0"
73.2.14.72 - - [28/Apr/2015:19:12:20 -0500] "GET /img/virt_line.png HTTP/1.1" 403 512 "http://caus-solutions.com/style.css" "Mozilla/5.0 (Windows NT 6.1; WOW64; rv:37.0) Gecko/20100101 Firefox/37.0"
73.2.14.72 - - [28/Apr/2015:19:21:17 -0500] "GET /credits.html HTTP/1.1" 404 505 "http://caus-solutions.com/index.php" "Mozilla/5.0 (Windows NT 6.1; WOW64; rv:37.0) Gecko/20100101 Firefox/37.0"
73.2.14.72 - - [28/Apr/2015:19:21:20 -0500] "GET /index.php HTTP/1.1" 200 1813 "http://caus-solutions.com/PayPalPWYW.php" "Mozilla/5.0 (Windows NT 6.1; WOW64; rv:37.0) Gecko/20100101 Firefox/37.0"
73.2.14.72 - - [28/Apr/2015:19:21:21 -0500] "GET /style.css HTTP/1.1" 304 213 "http://caus-solutions.com/index.php" "Mozilla/5.0 (Windows NT 6.1; WOW64; rv:37.0) Gecko/20100101 Firefox/37.0"
73.2.14.72 - - [28/Apr/2015:19:21:21 -0500] "GET /img/vcss-blue.gif HTTP/1.1" 403 512 "http://caus-solutions.com/index.php" "Mozilla/5.0 (Windows NT 6.1; WOW64; rv:37.0) Gecko/20100101 Firefox/37.0"
73.2.14.72 - - [28/Apr/2015:19:21:21 -0500] "GET /img/valid-xhtml11-blue.png HTTP/1.1" 403 518 "http://caus-solutions.com/index.php" "Mozilla/5.0 (Windows NT 6.1; WOW64; rv:37.0) Gecko/20100101 Firefox/37.0"
73.2.14.72 - - [28/Apr/2015:19:21:21 -0500] "GET /img/page_bg.png HTTP/1.1" 403 512 "http://caus-solutions.com/style.css" "Mozilla/5.0 (Windows NT 6.1; WOW64; rv:37.0) Gecko/20100101 Firefox/37.0"
73.2.14.72 - - [28/Apr/2015:19:21:21 -0500] "GET /img/virt_line.png HTTP/1.1" 403 512 "http://caus-solutions.com/style.css" "Mozilla/5.0 (Windows NT 6.1; WOW64; rv:37.0) Gecko/20100101 Firefox/37.0"
73.2.14.72 - - [28/Apr/2015:19:21:26 -0500] "GET /credits.php HTTP/1.1" 200 1545 "http://caus-solutions.com/index.php" "Mozilla/5.0 (Windows NT 6.1; WOW64; rv:37.0) Gecko/20100101 Firefox/37.0"
73.2.14.72 - - [28/Apr/2015:19:21:26 -0500] "GET /img/vcss-blue.gif HTTP/1.1" 403 512 "http://caus-solutions.com/credits.php" "Mozilla/5.0 (Windows NT 6.1; WOW64; rv:37.0) Gecko/20100101 Firefox/37.0"
73.2.14.72 - - [28/Apr/2015:19:21:26 -0500] "GET /img/valid-xhtml11-blue.png HTTP/1.1" 403 517 "http://caus-solutions.com/credits.php" "Mozilla/5.0 (Windows NT 6.1; WOW64; rv:37.0) Gecko/20100101 Firefox/37.0"
73.2.14.72 - - [28/Apr/2015:19:21:26 -0500] "GET /img/page_bg.png HTTP/1.1" 403 511 "http://caus-solutions.com/style.css" "Mozilla/5.0 (Windows NT 6.1; WOW64; rv:37.0) Gecko/20100101 Firefox/37.0"
73.2.14.72 - - [28/Apr/2015:19:21:26 -0500] "GET /img/virt_line.png HTTP/1.1" 403 513 "http://caus-solutions.com/style.css" "Mozilla/5.0 (Windows NT 6.1; WOW64; rv:37.0) Gecko/20100101 Firefox/37.0"
73.2.14.72 - - [28/Apr/2015:19:29:52 -0500] "GET //index.php HTTP/1.1" 200 1814 "http://fake.ads.caus-solutions.com/Example.php" "Mozilla/5.0 (Windows NT 6.1; WOW64; rv:37.0) Gecko/20100101 Firefox/37.0"
73.2.14.72 - - [28/Apr/2015:19:29:52 -0500] "GET //style.css HTTP/1.1" 200 1330 "http://www.caus-solutions.com//index.php" "Mozilla/5.0 (Windows NT 6.1; WOW64; rv:37.0) Gecko/20100101 Firefox/37.0"
73.2.14.72 - - [28/Apr/2015:19:29:52 -0500] "GET /img/vcss-blue.gif HTTP/1.1" 403 515 "http://www.caus-solutions.com//index.php" "Mozilla/5.0 (Windows NT 6.1; WOW64; rv:37.0) Gecko/20100101 Firefox/37.0"
73.2.14.72 - - [28/Apr/2015:19:29:52 -0500] "GET /img/valid-xhtml11-blue.png HTTP/1.1" 403 523 "http://www.caus-solutions.com//index.php" "Mozilla/5.0 (Windows NT 6.1; WOW64; rv:37.0) Gecko/20100101 Firefox/37.0"
73.2.14.72 - - [28/Apr/2015:19:29:52 -0500] "GET /img/page_bg.png HTTP/1.1" 403 516 "http://www.caus-solutions.com//style.css" "Mozilla/5.0 (Windows NT 6.1; WOW64; rv:37.0) Gecko/20100101 Firefox/37.0"
73.2.14.72 - - [28/Apr/2015:19:29:52 -0500] "GET //img/virt_line.png HTTP/1.1" 403 516 "http://www.caus-solutions.com//style.css" "Mozilla/5.0 (Windows NT 6.1; WOW64; rv:37.0) Gecko/20100101 Firefox/37.0"
73.2.14.72 - - [28/Apr/2015:19:30:37 -0500] "GET //index.php HTTP/1.1" 200 1814 "http://fake.ads.caus-solutions.com/Example.php" "Mozilla/5.0 (Windows NT 6.1; WOW64; rv:37.0) Gecko/20100101 Firefox/37.0"
73.2.14.72 - - [28/Apr/2015:19:30:37 -0500] "GET //style.css HTTP/1.1" 304 213 "http://www.caus-solutions.com//index.php" "Mozilla/5.0 (Windows NT 6.1; WOW64; rv:37.0) Gecko/20100101 Firefox/37.0"
73.2.14.72 - - [28/Apr/2015:19:30:38 -0500] "GET /img/vcss-blue.gif HTTP/1.1" 403 515 "http://www.caus-solutions.com//index.php" "Mozilla/5.0 (Windows NT 6.1; WOW64; rv:37.0) Gecko/20100101 Firefox/37.0"
73.2.14.72 - - [28/Apr/2015:19:30:38 -0500] "GET /img/valid-xhtml11-blue.png HTTP/1.1" 403 523 "http://www.caus-solutions.com//index.php" "Mozilla/5.0 (Windows NT 6.1; WOW64; rv:37.0) Gecko/20100101 Firefox/37.0"
73.2.14.72 - - [28/Apr/2015:19:30:38 -0500] "GET /img/page_bg.png HTTP/1.1" 403 516 "http://www.caus-solutions.com//style.css" "Mozilla/5.0 (Windows NT 6.1; WOW64; rv:37.0) Gecko/20100101 Firefox/37.0"
73.2.14.72 - - [28/Apr/2015:19:30:38 -0500] "GET //img/virt_line.png HTTP/1.1" 403 516 "http://www.caus-solutions.com//style.css" "Mozilla/5.0 (Windows NT 6.1; WOW64; rv:37.0) Gecko/20100101 Firefox/37.0"
73.2.14.72 - - [28/Apr/2015:19:30:49 -0500] "GET /index.php HTTP/1.1" 200 1814 "http://fake.ads.caus-solutions.com/index.php" "Mozilla/5.0 (Windows NT 6.1; WOW64; rv:37.0) Gecko/20100101 Firefox/37.0"
73.2.14.72 - - [28/Apr/2015:19:30:49 -0500] "GET /img/vcss-blue.gif HTTP/1.1" 403 515 "http://www.caus-solutions.com/index.php" "Mozilla/5.0 (Windows NT 6.1; WOW64; rv:37.0) Gecko/20100101 Firefox/37.0"
73.2.14.72 - - [28/Apr/2015:19:30:49 -0500] "GET /style.css HTTP/1.1" 304 214 "http://www.caus-solutions.com/index.php" "Mozilla/5.0 (Windows NT 6.1; WOW64; rv:37.0) Gecko/20100101 Firefox/37.0"
73.2.14.72 - - [28/Apr/2015:19:30:49 -0500] "GET /img/valid-xhtml11-blue.png HTTP/1.1" 403 522 "http://www.caus-solutions.com/index.php" "Mozilla/5.0 (Windows NT 6.1; WOW64; rv:37.0) Gecko/20100101 Firefox/37.0"
73.2.14.72 - - [28/Apr/2015:19:30:49 -0500] "GET /img/page_bg.png HTTP/1.1" 403 516 "http://www.caus-solutions.com/style.css" "Mozilla/5.0 (Windows NT 6.1; WOW64; rv:37.0) Gecko/20100101 Firefox/37.0"
73.2.14.72 - - [28/Apr/2015:19:30:49 -0500] "GET /img/virt_line.png HTTP/1.1" 403 516 "http://www.caus-solutions.com/style.css" "Mozilla/5.0 (Windows NT 6.1; WOW64; rv:37.0) Gecko/20100101 Firefox/37.0"
73.2.14.72 - - [28/Apr/2015:19:30:54 -0500] "GET /PayPalPWYW.php HTTP/1.1" 200 1936 "http://fake.ads.caus-solutions.com/index.php" "Mozilla/5.0 (Windows NT 6.1; WOW64; rv:37.0) Gecko/20100101 Firefox/37.0"
73.2.14.72 - - [28/Apr/2015:19:30:54 -0500] "GET /img/vcss-blue.gif HTTP/1.1" 403 515 "http://www.caus-solutions.com/PayPalPWYW.php" "Mozilla/5.0 (Windows NT 6.1; WOW64; rv:37.0) Gecko/20100101 Firefox/37.0"
73.2.14.72 - - [28/Apr/2015:19:30:54 -0500] "GET /img/valid-xhtml11-blue.png HTTP/1.1" 403 522 "http://www.caus-solutions.com/PayPalPWYW.php" "Mozilla/5.0 (Windows NT 6.1; WOW64; rv:37.0) Gecko/20100101 Firefox/37.0"
73.2.14.72 - - [28/Apr/2015:19:30:54 -0500] "GET /img/page_bg.png HTTP/1.1" 403 515 "http://www.caus-solutions.com/style.css" "Mozilla/5.0 (Windows NT 6.1; WOW64; rv:37.0) Gecko/20100101 Firefox/37.0"
73.2.14.72 - - [28/Apr/2015:19:30:54 -0500] "GET /img/virt_line.png HTTP/1.1" 403 516 "http://www.caus-solutions.com/style.css" "Mozilla/5.0 (Windows NT 6.1; WOW64; rv:37.0) Gecko/20100101 Firefox/37.0"
73.2.14.72 - - [28/Apr/2015:19:30:55 -0500] "GET /index.php HTTP/1.1" 200 1813 "http://www.caus-solutions.com/PayPalPWYW.php" "Mozilla/5.0 (Windows NT 6.1; WOW64; rv:37.0) Gecko/20100101 Firefox/37.0"
73.2.14.72 - - [28/Apr/2015:19:30:55 -0500] "GET /img/vcss-blue.gif HTTP/1.1" 403 515 "http://www.caus-solutions.com/index.php" "Mozilla/5.0 (Windows NT 6.1; WOW64; rv:37.0) Gecko/20100101 Firefox/37.0"
73.2.14.72 - - [28/Apr/2015:19:30:55 -0500] "GET /img/valid-xhtml11-blue.png HTTP/1.1" 403 522 "http://www.caus-solutions.com/index.php" "Mozilla/5.0 (Windows NT 6.1; WOW64; rv:37.0) Gecko/20100101 Firefox/37.0"
73.2.14.72 - - [28/Apr/2015:19:30:56 -0500] "GET /img/page_bg.png HTTP/1.1" 403 515 "http://www.caus-solutions.com/style.css" "Mozilla/5.0 (Windows NT 6.1; WOW64; rv:37.0) Gecko/20100101 Firefox/37.0"
73.2.14.72 - - [28/Apr/2015:19:30:56 -0500] "GET /img/virt_line.png HTTP/1.1" 403 516 "http://www.caus-solutions.com/style.css" "Mozilla/5.0 (Windows NT 6.1; WOW64; rv:37.0) Gecko/20100101 Firefox/37.0"
73.2.14.72 - - [28/Apr/2015:19:39:54 -0500] "GET / HTTP/1.1" 200 1814 "-" "Mozilla/5.0 (Windows NT 6.1; WOW64; rv:37.0) Gecko/20100101 Firefox/37.0"
73.2.14.72 - - [28/Apr/2015:19:39:54 -0500] "GET /img/vcss-blue.gif HTTP/1.1" 403 512 "http://caus-solutions.com/" "Mozilla/5.0 (Windows NT 6.1; WOW64; rv:37.0) Gecko/20100101 Firefox/37.0"
73.2.14.72 - - [28/Apr/2015:19:39:55 -0500] "GET /img/valid-xhtml11-blue.png HTTP/1.1" 403 517 "http://caus-solutions.com/" "Mozilla/5.0 (Windows NT 6.1; WOW64; rv:37.0) Gecko/20100101 Firefox/37.0"
73.2.14.72 - - [28/Apr/2015:19:39:55 -0500] "GET /img/page_bg.png HTTP/1.1" 403 512 "http://caus-solutions.com/style.css" "Mozilla/5.0 (Windows NT 6.1; WOW64; rv:37.0) Gecko/20100101 Firefox/37.0"
73.2.14.72 - - [28/Apr/2015:19:39:55 -0500] "GET /img/virt_line.png HTTP/1.1" 403 513 "http://caus-solutions.com/style.css" "Mozilla/5.0 (Windows NT 6.1; WOW64; rv:37.0) Gecko/20100101 Firefox/37.0"
73.2.14.72 - - [28/Apr/2015:19:40:03 -0500] "GET / HTTP/1.1" 200 1814 "-" "Mozilla/5.0 (Windows NT 6.1; WOW64; rv:37.0) Gecko/20100101 Firefox/37.0"
73.2.14.72 - - [28/Apr/2015:19:40:04 -0500] "GET /style.css HTTP/1.1" 200 1352 "http://caus-solutions.com/" "Mozilla/5.0 (Windows NT 6.1; WOW64; rv:37.0) Gecko/20100101 Firefox/37.0"
73.2.14.72 - - [28/Apr/2015:19:40:04 -0500] "GET /img/vcss-blue.gif HTTP/1.1" 403 512 "http://caus-solutions.com/" "Mozilla/5.0 (Windows NT 6.1; WOW64; rv:37.0) Gecko/20100101 Firefox/37.0"
73.2.14.72 - - [28/Apr/2015:19:40:04 -0500] "GET /img/valid-xhtml11-blue.png HTTP/1.1" 403 518 "http://caus-solutions.com/" "Mozilla/5.0 (Windows NT 6.1; WOW64; rv:37.0) Gecko/20100101 Firefox/37.0"
73.2.14.72 - - [28/Apr/2015:19:40:04 -0500] "GET /img/virt_line.png HTTP/1.1" 403 513 "http://caus-solutions.com/style.css" "Mozilla/5.0 (Windows NT 6.1; WOW64; rv:37.0) Gecko/20100101 Firefox/37.0"
73.2.14.72 - - [28/Apr/2015:19:42:27 -0500] "GET / HTTP/1.1" 200 1814 "-" "Mozilla/5.0 (Windows NT 6.1; WOW64; rv:37.0) Gecko/20100101 Firefox/37.0"
73.2.14.72 - - [28/Apr/2015:19:42:27 -0500] "GET /img/vcss-blue.gif HTTP/1.1" 403 512 "http://caus-solutions.com/" "Mozilla/5.0 (Windows NT 6.1; WOW64; rv:37.0) Gecko/20100101 Firefox/37.0"
73.2.14.72 - - [28/Apr/2015:19:42:27 -0500] "GET /style.css HTTP/1.1" 200 1353 "http://caus-solutions.com/" "Mozilla/5.0 (Windows NT 6.1; WOW64; rv:37.0) Gecko/20100101 Firefox/37.0"
73.2.14.72 - - [28/Apr/2015:19:42:27 -0500] "GET /img/valid-xhtml11-blue.png HTTP/1.1" 403 518 "http://caus-solutions.com/" "Mozilla/5.0 (Windows NT 6.1; WOW64; rv:37.0) Gecko/20100101 Firefox/37.0"
128.30.52.103 - - [28/Apr/2015:19:43:03 -0500] "GET /style.css HTTP/1.1" 200 4882 "-" "Jigsaw/2.3.0 W3C_CSS_Validator_JFouffa/2.0 (See <http://validator.w3.org/services>)"
128.30.52.103 - - [28/Apr/2015:19:43:03 -0500] "GET /style.css HTTP/1.1" 200 4826 "-" "Jigsaw/2.3.0 W3C_CSS_Validator_JFouffa/2.0 (See <http://validator.w3.org/services>)"
128.30.52.103 - - [28/Apr/2015:19:43:10 -0500] "GET /style.css HTTP/1.1" 200 4826 "-" "Jigsaw/2.3.0 W3C_CSS_Validator_JFouffa/2.0 (See <http://validator.w3.org/services>)"
128.30.52.103 - - [28/Apr/2015:19:43:11 -0500] "GET /style.css HTTP/1.1" 200 4826 "-" "Jigsaw/2.3.0 W3C_CSS_Validator_JFouffa/2.0 (See <http://validator.w3.org/services>)"
128.30.52.70 - - [28/Apr/2015:19:44:10 -0500] "GET / HTTP/1.1" 200 1777 "-" "W3C_Validator/1.3 http://validator.w3.org/services"
128.30.52.73 - - [28/Apr/2015:19:44:25 -0500] "GET / HTTP/1.1" 200 1777 "-" "W3C_Validator/1.3 http://validator.w3.org/services"
73.2.14.72 - - [28/Apr/2015:19:44:47 -0500] "GET / HTTP/1.1" 200 1815 "-" "Mozilla/5.0 (Windows NT 6.1; WOW64; rv:37.0) Gecko/20100101 Firefox/37.0"
73.2.14.72 - - [28/Apr/2015:19:44:47 -0500] "GET /style.css HTTP/1.1" 304 213 "http://caus-solutions.com/" "Mozilla/5.0 (Windows NT 6.1; WOW64; rv:37.0) Gecko/20100101 Firefox/37.0"
73.2.14.72 - - [28/Apr/2015:19:44:47 -0500] "GET /img/vcss-blue.gif HTTP/1.1" 403 512 "http://caus-solutions.com/" "Mozilla/5.0 (Windows NT 6.1; WOW64; rv:37.0) Gecko/20100101 Firefox/37.0"
73.2.14.72 - - [28/Apr/2015:19:44:47 -0500] "GET /img/valid-xhtml11-blue.png HTTP/1.1" 403 518 "http://caus-solutions.com/" "Mozilla/5.0 (Windows NT 6.1; WOW64; rv:37.0) Gecko/20100101 Firefox/37.0"
128.30.52.73 - - [28/Apr/2015:19:44:58 -0500] "GET / HTTP/1.1" 200 1778 "-" "W3C_Validator/1.3 http://validator.w3.org/services"
73.2.14.72 - - [28/Apr/2015:19:46:07 -0500] "GET / HTTP/1.1" 200 1822 "-" "Mozilla/5.0 (Windows NT 6.1; WOW64; rv:37.0) Gecko/20100101 Firefox/37.0"
73.2.14.72 - - [28/Apr/2015:19:46:07 -0500] "GET /style.css HTTP/1.1" 304 213 "http://caus-solutions.com/" "Mozilla/5.0 (Windows NT 6.1; WOW64; rv:37.0) Gecko/20100101 Firefox/37.0"
73.2.14.72 - - [28/Apr/2015:19:46:09 -0500] "GET / HTTP/1.1" 200 1821 "-" "Mozilla/5.0 (Windows NT 6.1; WOW64; rv:37.0) Gecko/20100101 Firefox/37.0"
73.2.14.72 - - [28/Apr/2015:19:46:09 -0500] "GET /style.css HTTP/1.1" 304 213 "http://caus-solutions.com/" "Mozilla/5.0 (Windows NT 6.1; WOW64; rv:37.0) Gecko/20100101 Firefox/37.0"
73.2.14.72 - - [28/Apr/2015:19:46:42 -0500] "GET / HTTP/1.1" 200 1822 "-" "Mozilla/5.0 (Windows NT 6.1; WOW64; rv:37.0) Gecko/20100101 Firefox/37.0"
73.2.14.72 - - [28/Apr/2015:19:46:42 -0500] "GET /style.css HTTP/1.1" 304 213 "http://caus-solutions.com/" "Mozilla/5.0 (Windows NT 6.1; WOW64; rv:37.0) Gecko/20100101 Firefox/37.0"
73.2.14.72 - - [28/Apr/2015:19:48:31 -0500] "GET / HTTP/1.1" 200 1822 "-" "Mozilla/5.0 (Windows NT 6.1; WOW64; rv:37.0) Gecko/20100101 Firefox/37.0"
73.2.14.72 - - [28/Apr/2015:19:48:32 -0500] "GET /style.css HTTP/1.1" 304 213 "http://caus-solutions.com/" "Mozilla/5.0 (Windows NT 6.1; WOW64; rv:37.0) Gecko/20100101 Firefox/37.0"
66.249.67.47 - - [28/Apr/2015:20:14:59 -0500] "GET /website-set-up HTTP/1.1" 404 511 "-" "Mozilla/5.0 (compatible; Googlebot/2.1; +http://www.google.com/bot.html)"
66.249.67.55 - - [28/Apr/2015:21:18:32 -0500] "GET /contact HTTP/1.1" 404 506 "-" "Mozilla/5.0 (compatible; Googlebot/2.1; +http://www.google.com/bot.html)"
66.249.67.55 - - [28/Apr/2015:22:13:11 -0500] "GET /data-loss-prevention HTTP/1.1" 404 514 "-" "Mozilla/5.0 (compatible; Googlebot/2.1; +http://www.google.com/bot.html)"
73.2.14.72 - - [28/Apr/2015:23:01:48 -0500] "GET / HTTP/1.1" 200 1822 "-" "Mozilla/5.0 (Windows NT 6.1; WOW64; rv:37.0) Gecko/20100101 Firefox/37.0"
73.2.14.72 - - [28/Apr/2015:23:01:49 -0500] "GET /style.css HTTP/1.1" 200 1351 "http://caus-solutions.com/" "Mozilla/5.0 (Windows NT 6.1; WOW64; rv:37.0) Gecko/20100101 Firefox/37.0"
38.100.21.69 - - [28/Apr/2015:23:07:34 -0500] "GET / HTTP/1.1" 200 3871 "-" "Mozilla/4.0 (compatible; MSIE 7.0; Windows NT 5.2)"
38.100.21.69 - - [28/Apr/2015:23:07:34 -0500] "GET /credits.php HTTP/1.1" 200 3354 "-" "Mozilla/4.0 (compatible; MSIE 7.0; Windows NT 5.2)"
38.100.21.69 - - [28/Apr/2015:23:07:34 -0500] "GET /PayPalPWYW.php HTTP/1.1" 200 4101 "-" "Mozilla/4.0 (compatible; MSIE 7.0; Windows NT 5.2)"
38.100.21.69 - - [28/Apr/2015:23:07:34 -0500] "GET /Services.html HTTP/1.1" 404 538 "-" "Mozilla/4.0 (compatible; MSIE 7.0; Windows NT 5.2)"
38.100.21.69 - - [28/Apr/2015:23:07:34 -0500] "GET /Services.php HTTP/1.1" 200 4925 "-" "Mozilla/4.0 (compatible; MSIE 7.0; Windows NT 5.2)"
38.100.21.69 - - [28/Apr/2015:23:07:34 -0500] "GET /style.css HTTP/1.1" 200 4883 "-" "Mozilla/4.0 (compatible; MSIE 7.0; Windows NT 5.2)"
38.100.21.69 - - [28/Apr/2015:23:07:34 -0500] "GET /index.php HTTP/1.1" 200 3870 "-" "Mozilla/4.0 (compatible; MSIE 7.0; Windows NT 5.2)"
66.249.67.39 - - [28/Apr/2015:23:12:15 -0500] "GET /website-set-up HTTP/1.1" 404 511 "-" "Mozilla/5.0 (compatible; Googlebot/2.1; +http://www.google.com/bot.html)"
73.2.14.72 - - [29/Apr/2015:00:27:19 -0500] "GET / HTTP/1.1" 500 653 "-" "Mozilla/5.0 (Windows NT 6.1; WOW64; rv:37.0) Gecko/20100101 Firefox/37.0"
73.2.14.72 - - [29/Apr/2015:00:27:19 -0500] "GET /style.css HTTP/1.1" 304 214 "http://caus-solutions.com/" "Mozilla/5.0 (Windows NT 6.1; WOW64; rv:37.0) Gecko/20100101 Firefox/37.0"
73.2.14.72 - - [29/Apr/2015:00:27:22 -0500] "GET / HTTP/1.1" 500 653 "-" "Mozilla/5.0 (Windows NT 6.1; WOW64; rv:37.0) Gecko/20100101 Firefox/37.0"
73.2.14.72 - - [29/Apr/2015:00:27:22 -0500] "GET /style.css HTTP/1.1" 304 214 "http://caus-solutions.com/" "Mozilla/5.0 (Windows NT 6.1; WOW64; rv:37.0) Gecko/20100101 Firefox/37.0"
73.2.14.72 - - [29/Apr/2015:00:27:49 -0500] "GET / HTTP/1.1" 200 1826 "-" "Mozilla/5.0 (Windows NT 6.1; WOW64; rv:37.0) Gecko/20100101 Firefox/37.0"
73.2.14.72 - - [29/Apr/2015:00:27:49 -0500] "GET /style.css HTTP/1.1" 304 213 "http://caus-solutions.com/" "Mozilla/5.0 (Windows NT 6.1; WOW64; rv:37.0) Gecko/20100101 Firefox/37.0"
66.249.67.39 - - [29/Apr/2015:01:06:12 -0500] "GET /data-loss-prevention HTTP/1.1" 404 514 "-" "Mozilla/5.0 (compatible; Googlebot/2.1; +http://www.google.com/bot.html)"
73.2.14.72 - - [29/Apr/2015:01:26:39 -0500] "GET /favicon.ico HTTP/1.1" 404 505 "http://caus-solutions.com/" "Mozilla/5.0 (Linux; Android 4.4.2; GT-N5110 Build/KOT49H) AppleWebKit/537.36 (KHTML, like Gecko) Chrome/42.0.2311.109 Safari/537.36"
73.2.14.72 - - [29/Apr/2015:01:26:42 -0500] "GET /Example_ads/index.html HTTP/1.1" 404 513 "http://caus-solutions.com/" "Mozilla/5.0 (Linux; Android 4.4.2; GT-N5110 Build/KOT49H) AppleWebKit/537.36 (KHTML, like Gecko) Chrome/42.0.2311.109 Safari/537.36"
73.2.14.72 - - [29/Apr/2015:01:26:45 -0500] "GET / HTTP/1.1" 200 1825 "-" "Mozilla/5.0 (Linux; Android 4.4.2; GT-N5110 Build/KOT49H) AppleWebKit/537.36 (KHTML, like Gecko) Chrome/42.0.2311.109 Safari/537.36"
73.2.14.72 - - [29/Apr/2015:01:26:45 -0500] "GET /style.css HTTP/1.1" 200 1351 "http://caus-solutions.com/" "Mozilla/5.0 (Linux; Android 4.4.2; GT-N5110 Build/KOT49H) AppleWebKit/537.36 (KHTML, like Gecko) Chrome/42.0.2311.109 Safari/537.36"
66.249.67.55 - - [29/Apr/2015:02:01:17 -0500] "GET /website-set-up HTTP/1.1" 404 511 "-" "Mozilla/5.0 (compatible; Googlebot/2.1; +http://www.google.com/bot.html)"
66.249.67.47 - - [29/Apr/2015:03:35:25 -0500] "GET /system/feeds/sitemap HTTP/1.1" 404 514 "-" "Mozilla/5.0 (compatible; Googlebot/2.1; +http://www.google.com/bot.html)"
66.249.67.55 - - [29/Apr/2015:03:57:05 -0500] "GET /data-loss-prevention HTTP/1.1" 404 514 "-" "Mozilla/5.0 (compatible; Googlebot/2.1; +http://www.google.com/bot.html)"
66.249.67.47 - - [29/Apr/2015:05:56:04 -0500] "GET /website-set-up HTTP/1.1" 404 511 "-" "Mozilla/5.0 (compatible; Googlebot/2.1; +http://www.google.com/bot.html)"
66.249.67.47 - - [29/Apr/2015:06:48:55 -0500] "GET /robots.txt HTTP/1.1" 404 509 "-" "Mozilla/5.0 (compatible; Googlebot/2.1; +http://www.google.com/bot.html)"
66.249.67.55 - - [29/Apr/2015:06:48:55 -0500] "GET /data-loss-prevention HTTP/1.1" 404 514 "-" "Mozilla/5.0 (compatible; Googlebot/2.1; +http://www.google.com/bot.html)"
66.249.67.154 - - [29/Apr/2015:12:15:14 -0500] "GET /robots.txt HTTP/1.1" 404 506 "-" "Mozilla/5.0 (compatible; Googlebot/2.1; +http://www.google.com/bot.html)"
66.249.67.2 - - [29/Apr/2015:12:15:14 -0500] "GET / HTTP/1.1" 200 1826 "-" "Mozilla/5.0 (compatible; Googlebot/2.1; +http://www.google.com/bot.html)"
66.249.67.2 - - [29/Apr/2015:12:18:57 -0500] "GET /PayPalPWYW.php HTTP/1.1" 200 1948 "-" "Mozilla/5.0 (compatible; Googlebot/2.1; +http://www.google.com/bot.html)"
66.249.67.154 - - [29/Apr/2015:12:20:56 -0500] "GET /credits.php HTTP/1.1" 200 1558 "-" "Mozilla/5.0 (compatible; Googlebot/2.1; +http://www.google.com/bot.html)"
66.249.67.154 - - [29/Apr/2015:12:21:38 -0500] "GET /Services.php HTTP/1.1" 200 2068 "-" "Mozilla/5.0 (compatible; Googlebot/2.1; +http://www.google.com/bot.html)"
66.249.67.55 - - [29/Apr/2015:12:22:40 -0500] "GET /index.php HTTP/1.1" 200 1826 "-" "Mozilla/5.0 (compatible; Googlebot/2.1; +http://www.google.com/bot.html)"
73.2.14.72 - - [29/Apr/2015:13:08:18 -0500] "GET /index.html HTTP/1.1" 404 505 "http://caus-solutions.com/" "Mozilla/5.0 (Windows NT 6.1; WOW64) AppleWebKit/537.36 (KHTML, like Gecko) Chrome/42.0.2311.90 Safari/537.36"
157.55.39.186 - - [29/Apr/2015:13:25:53 -0500] "GET /contact HTTP/1.1" 404 506 "-" "Mozilla/5.0 (compatible; bingbot/2.0; +http://www.bing.com/bingbot.htm)"
73.2.14.72 - - [29/Apr/2015:13:28:37 -0500] "GET / HTTP/1.1" 200 1826 "-" "Mozilla/5.0 (Windows NT 6.1; WOW64) AppleWebKit/537.36 (KHTML, like Gecko) Chrome/42.0.2311.90 Safari/537.36"
73.2.14.72 - - [29/Apr/2015:13:28:38 -0500] "GET /style.css HTTP/1.1" 200 1351 "http://caus-solutions.com/" "Mozilla/5.0 (Windows NT 6.1; WOW64) AppleWebKit/537.36 (KHTML, like Gecko) Chrome/42.0.2311.90 Safari/537.36"
73.2.14.72 - - [29/Apr/2015:13:28:51 -0500] "GET / HTTP/1.1" 200 1826 "-" "Mozilla/5.0 (Windows NT 6.1; WOW64; rv:37.0) Gecko/20100101 Firefox/37.0"
73.2.14.72 - - [29/Apr/2015:13:28:51 -0500] "GET /style.css HTTP/1.1" 304 213 "http://caus-solutions.com/" "Mozilla/5.0 (Windows NT 6.1; WOW64; rv:37.0) Gecko/20100101 Firefox/37.0"
73.2.14.72 - - [29/Apr/2015:13:28:51 -0500] "GET /favicon.ico HTTP/1.1" 404 504 "-" "Mozilla/5.0 (Windows NT 6.1; WOW64; rv:37.0) Gecko/20100101 Firefox/37.0"
73.2.14.72 - - [29/Apr/2015:13:28:51 -0500] "GET /favicon.ico HTTP/1.1" 404 504 "-" "Mozilla/5.0 (Windows NT 6.1; WOW64; rv:37.0) Gecko/20100101 Firefox/37.0"
66.249.67.154 - - [29/Apr/2015:14:25:58 -0500] "GET /style.css HTTP/1.1" 200 1352 "-" "Mozilla/5.0 (compatible; Googlebot/2.1; +http://www.google.com/bot.html)"
66.249.67.55 - - [29/Apr/2015:15:20:31 -0500] "GET /style.css HTTP/1.1" 200 1352 "http://www.caus-solutions.com/index.php" "Mozilla/5.0 (compatible; Googlebot/2.1; +http://www.google.com/bot.html)"
174.50.166.113 - - [29/Apr/2015:16:03:36 -0500] "GET / HTTP/1.1" 200 1826 "-" "Mozilla/5.0 (Windows NT 6.0) AppleWebKit/537.36 (KHTML, like Gecko) Chrome/42.0.2311.90 Safari/537.36"
174.50.166.113 - - [29/Apr/2015:16:03:37 -0500] "GET /style.css HTTP/1.1" 200 1351 "http://caus-solutions.com/" "Mozilla/5.0 (Windows NT 6.0) AppleWebKit/537.36 (KHTML, like Gecko) Chrome/42.0.2311.90 Safari/537.36"
174.50.166.113 - - [29/Apr/2015:16:03:37 -0500] "GET /favicon.ico HTTP/1.1" 404 504 "http://caus-solutions.com/" "Mozilla/5.0 (Windows NT 6.0) AppleWebKit/537.36 (KHTML, like Gecko) Chrome/42.0.2311.90 Safari/537.36"
66.60.156.2 - - [29/Apr/2015:16:54:35 -0500] "GET / HTTP/1.1" 200 1826 "-" "Mozilla/5.0 (Windows NT 6.1; rv:33.0) Gecko/20100101 Firefox/33.0"
66.60.156.2 - - [29/Apr/2015:16:54:35 -0500] "GET /style.css HTTP/1.1" 200 1351 "http://caus-solutions.com/" "Mozilla/5.0 (Windows NT 6.1; rv:33.0) Gecko/20100101 Firefox/33.0"
66.60.156.2 - - [29/Apr/2015:16:54:36 -0500] "GET /favicon.ico HTTP/1.1" 404 504 "-" "Mozilla/5.0 (Windows NT 6.1; rv:33.0) Gecko/20100101 Firefox/33.0"
66.60.156.2 - - [29/Apr/2015:16:54:36 -0500] "GET /favicon.ico HTTP/1.1" 404 504 "-" "Mozilla/5.0 (Windows NT 6.1; rv:33.0) Gecko/20100101 Firefox/33.0"
73.2.14.72 - - [29/Apr/2015:20:43:50 -0500] "GET / HTTP/1.1" 200 1826 "-" "Mozilla/5.0 (Windows NT 6.3; WOW64) AppleWebKit/537.36 (KHTML, like Gecko) Chrome/36.0.1985.125 Safari/537.36"
73.2.14.72 - - [29/Apr/2015:20:43:50 -0500] "GET /style.css HTTP/1.1" 200 1351 "http://www.caus-solutions.com/" "Mozilla/5.0 (Windows NT 6.3; WOW64) AppleWebKit/537.36 (KHTML, like Gecko) Chrome/36.0.1985.125 Safari/537.36"
73.2.14.72 - - [29/Apr/2015:20:43:51 -0500] "GET /favicon.ico HTTP/1.1" 404 507 "-" "Mozilla/5.0 (Windows NT 6.3; WOW64) AppleWebKit/537.36 (KHTML, like Gecko) Chrome/36.0.1985.125 Safari/537.36"
66.249.67.39 - - [30/Apr/2015:01:05:57 -0500] "GET /robots.txt HTTP/1.1" 404 509 "-" "Mozilla/5.0 (compatible; Googlebot/2.1; +http://www.google.com/bot.html)"
66.249.67.39 - - [30/Apr/2015:01:09:56 -0500] "GET /credits.php HTTP/1.1" 200 1558 "-" "Mozilla/5.0 (compatible; Googlebot/2.1; +http://www.google.com/bot.html)"
66.249.67.55 - - [30/Apr/2015:01:09:57 -0500] "GET /Services.php HTTP/1.1" 200 2068 "-" "Mozilla/5.0 (compatible; Googlebot/2.1; +http://www.google.com/bot.html)"
66.249.67.39 - - [30/Apr/2015:01:09:59 -0500] "GET /PayPalPWYW.php HTTP/1.1" 200 1947 "-" "Mozilla/5.0 (compatible; Googlebot/2.1; +http://www.google.com/bot.html)"
66.249.67.2 - - [30/Apr/2015:05:14:48 -0500] "GET /robots.txt HTTP/1.1" 404 506 "-" "Mozilla/5.0 (compatible; Googlebot/2.1; +http://www.google.com/bot.html)"
66.249.67.2 - - [30/Apr/2015:05:14:48 -0500] "GET / HTTP/1.1" 200 1825 "-" "Mozilla/5.0 (iPhone; CPU iPhone OS 6_0 like Mac OS X) AppleWebKit/536.26 (KHTML, like Gecko) Version/6.0 Mobile/10A5376e Safari/8536.25 (compatible; Googlebot/2.1; +http://www.google.com/bot.html)"
66.249.67.146 - - [30/Apr/2015:06:59:08 -0500] "GET /Services.php HTTP/1.1" 200 2068 "-" "Mozilla/5.0 (compatible; Googlebot/2.1; +http://www.google.com/bot.html)"
66.249.67.146 - - [30/Apr/2015:07:56:11 -0500] "GET /Services.php HTTP/1.1" 200 2068 "-" "Mozilla/5.0 (compatible; Googlebot/2.1; +http://www.google.com/bot.html)"
66.249.67.146 - - [30/Apr/2015:09:00:29 -0500] "GET /Services.php HTTP/1.1" 200 2068 "-" "Mozilla/5.0 (compatible; Googlebot/2.1; +http://www.google.com/bot.html)"
66.249.67.47 - - [30/Apr/2015:10:01:11 -0500] "GET /Services.html HTTP/1.1" 404 509 "-" "Mozilla/5.0 (compatible; Googlebot/2.1; +http://www.google.com/bot.html)"
66.249.67.154 - - [30/Apr/2015:10:55:24 -0500] "GET /credits.php HTTP/1.1" 200 1558 "-" "Mozilla/5.0 (compatible; Googlebot/2.1; +http://www.google.com/bot.html)"
66.249.67.146 - - [30/Apr/2015:12:02:56 -0500] "GET /credits.php HTTP/1.1" 200 1558 "-" "Mozilla/5.0 (compatible; Googlebot/2.1; +http://www.google.com/bot.html)"
66.249.67.154 - - [30/Apr/2015:13:17:37 -0500] "GET /credits.php HTTP/1.1" 200 1558 "-" "Mozilla/5.0 (compatible; Googlebot/2.1; +http://www.google.com/bot.html)"
73.2.14.72 - - [30/Apr/2015:16:30:42 -0500] "GET / HTTP/1.1" 200 1826 "-" "Mozilla/5.0 (Windows NT 6.1; WOW64; rv:37.0) Gecko/20100101 Firefox/37.0"
73.2.14.72 - - [30/Apr/2015:16:30:42 -0500] "GET /style.css HTTP/1.1" 200 1351 "http://www.caus-solutions.com/" "Mozilla/5.0 (Windows NT 6.1; WOW64; rv:37.0) Gecko/20100101 Firefox/37.0"
73.2.14.72 - - [30/Apr/2015:16:30:43 -0500] "GET /favicon.ico HTTP/1.1" 404 507 "-" "Mozilla/5.0 (Windows NT 6.1; WOW64; rv:37.0) Gecko/20100101 Firefox/37.0"
73.2.14.72 - - [30/Apr/2015:16:30:43 -0500] "GET /favicon.ico HTTP/1.1" 404 507 "-" "Mozilla/5.0 (Windows NT 6.1; WOW64; rv:37.0) Gecko/20100101 Firefox/37.0"
73.2.14.72 - - [30/Apr/2015:16:39:32 -0500] "GET / HTTP/1.1" 200 1826 "-" "Mozilla/5.0 (Windows NT 6.1; WOW64; rv:37.0) Gecko/20100101 Firefox/37.0"
73.2.14.72 - - [30/Apr/2015:16:39:32 -0500] "GET /style.css HTTP/1.1" 304 213 "http://caus-solutions.com/" "Mozilla/5.0 (Windows NT 6.1; WOW64; rv:37.0) Gecko/20100101 Firefox/37.0"
73.2.14.72 - - [30/Apr/2015:16:39:32 -0500] "GET /favicon.ico HTTP/1.1" 404 504 "-" "Mozilla/5.0 (Windows NT 6.1; WOW64; rv:37.0) Gecko/20100101 Firefox/37.0"
73.2.14.72 - - [30/Apr/2015:16:39:32 -0500] "GET /favicon.ico HTTP/1.1" 404 504 "-" "Mozilla/5.0 (Windows NT 6.1; WOW64; rv:37.0) Gecko/20100101 Firefox/37.0"
66.249.67.146 - - [30/Apr/2015:17:06:35 -0500] "GET /credits.php HTTP/1.1" 200 1558 "-" "Mozilla/5.0 (compatible; Googlebot/2.1; +http://www.google.com/bot.html)"
66.249.67.2 - - [30/Apr/2015:17:19:09 -0500] "GET /robots.txt HTTP/1.1" 404 506 "-" "Mozilla/5.0 (compatible; Googlebot/2.1; +http://www.google.com/bot.html)"
66.249.67.154 - - [30/Apr/2015:17:19:10 -0500] "GET /mobile/ HTTP/1.1" 404 503 "-" "Mozilla/5.0 (iPhone; CPU iPhone OS 6_0 like Mac OS X) AppleWebKit/536.26 (KHTML, like Gecko) Version/6.0 Mobile/10A5376e Safari/8536.25 (compatible; Googlebot/2.1; +http://www.google.com/bot.html)"
66.249.67.146 - - [30/Apr/2015:18:12:52 -0500] "GET /credits.php HTTP/1.1" 200 1558 "-" "Mozilla/5.0 (compatible; Googlebot/2.1; +http://www.google.com/bot.html)"
66.249.67.146 - - [30/Apr/2015:19:06:00 -0500] "GET / HTTP/1.1" 200 1826 "-" "Mozilla/5.0 (compatible; Googlebot/2.1; +http://www.google.com/bot.html)"
66.166.151.58 - - [30/Apr/2015:19:25:45 -0500] "GET / HTTP/1.1" 200 1826 "-" "Mozilla/5.0 (Linux; Android 4.4.2; GT-N5110 Build/KOT49H) AppleWebKit/537.36 (KHTML, like Gecko) Chrome/42.0.2311.111 Safari/537.36"
66.166.151.58 - - [30/Apr/2015:19:25:46 -0500] "GET / HTTP/1.1" 200 1826 "-" "Mozilla/5.0 (Linux; Android 4.4.2; GT-N5110 Build/KOT49H) AppleWebKit/537.36 (KHTML, like Gecko) Chrome/42.0.2311.111 Safari/537.36"
66.166.151.58 - - [30/Apr/2015:19:25:47 -0500] "GET /style.css HTTP/1.1" 304 213 "http://caus-solutions.com/" "Mozilla/5.0 (Linux; Android 4.4.2; GT-N5110 Build/KOT49H) AppleWebKit/537.36 (KHTML, like Gecko) Chrome/42.0.2311.111 Safari/537.36"
66.166.151.58 - - [30/Apr/2015:19:26:29 -0500] "GET /index.php HTTP/1.1" 200 1826 "http://fake.ads.caus-solutions.com/AD_001/index.php" "Mozilla/5.0 (Linux; Android 4.4.2; GT-N5110 Build/KOT49H) AppleWebKit/537.36 (KHTML, like Gecko) Chrome/42.0.2311.111 Safari/537.36"
66.166.151.58 - - [30/Apr/2015:19:26:29 -0500] "GET /index.php HTTP/1.1" 200 1826 "http://fake.ads.caus-solutions.com/AD_001/index.php" "Mozilla/5.0 (Linux; Android 4.4.2; GT-N5110 Build/KOT49H) AppleWebKit/537.36 (KHTML, like Gecko) Chrome/42.0.2311.111 Safari/537.36"
66.166.151.58 - - [30/Apr/2015:19:26:33 -0500] "GET /style.css HTTP/1.1" 200 1351 "http://www.caus-solutions.com/index.php" "Mozilla/5.0 (Linux; Android 4.4.2; GT-N5110 Build/KOT49H) AppleWebKit/537.36 (KHTML, like Gecko) Chrome/42.0.2311.111 Safari/537.36"
66.166.151.58 - - [30/Apr/2015:19:26:46 -0500] "GET /favicon.ico HTTP/1.1" 404 508 "http://www.caus-solutions.com/index.php" "Mozilla/5.0 (Linux; Android 4.4.2; GT-N5110 Build/KOT49H) AppleWebKit/537.36 (KHTML, like Gecko) Chrome/42.0.2311.111 Safari/537.36"
66.249.67.146 - - [30/Apr/2015:20:01:48 -0500] "GET / HTTP/1.1" 200 1826 "-" "Mozilla/5.0 (compatible; Googlebot/2.1; +http://www.google.com/bot.html)"
66.249.67.154 - - [30/Apr/2015:20:58:49 -0500] "GET / HTTP/1.1" 200 1826 "-" "Mozilla/5.0 (compatible; Googlebot/2.1; +http://www.google.com/bot.html)"
66.249.67.55 - - [30/Apr/2015:21:54:28 -0500] "GET /robots.txt HTTP/1.1" 404 509 "-" "Mozilla/5.0 (compatible; Googlebot/2.1; +http://www.google.com/bot.html)"
66.249.67.55 - - [30/Apr/2015:21:54:28 -0500] "GET / HTTP/1.1" 200 1825 "-" "Mozilla/5.0 (compatible; Googlebot/2.1; +http://www.google.com/bot.html)"
66.249.67.2 - - [30/Apr/2015:22:53:11 -0500] "GET / HTTP/1.1" 200 1826 "-" "Mozilla/5.0 (compatible; Googlebot/2.1; +http://www.google.com/bot.html)"
207.46.13.10 - - [30/Apr/2015:23:15:03 -0500] "GET /robots.txt HTTP/1.1" 404 536 "-" "Mozilla/5.0 (compatible; bingbot/2.0; +http://www.bing.com/bingbot.htm)"
207.46.13.10 - - [30/Apr/2015:23:15:16 -0500] "GET /home HTTP/1.1" 404 504 "-" "Mozilla/5.0 (compatible; bingbot/2.0; +http://www.bing.com/bingbot.htm)"
66.249.67.154 - - [30/Apr/2015:23:56:19 -0500] "GET / HTTP/1.1" 200 1826 "-" "Mozilla/5.0 (compatible; Googlebot/2.1; +http://www.google.com/bot.html)"
66.249.67.154 - - [01/May/2015:01:52:35 -0500] "GET / HTTP/1.1" 200 1826 "-" "Mozilla/5.0 (compatible; Googlebot/2.1; +http://www.google.com/bot.html)"
66.249.67.2 - - [01/May/2015:02:45:21 -0500] "GET / HTTP/1.1" 200 1826 "-" "Mozilla/5.0 (compatible; Googlebot/2.1; +http://www.google.com/bot.html)"
66.249.67.154 - - [01/May/2015:03:35:07 -0500] "GET / HTTP/1.1" 200 1826 "-" "Mozilla/5.0 (compatible; Googlebot/2.1; +http://www.google.com/bot.html)"
66.249.67.146 - - [01/May/2015:04:38:50 -0500] "GET / HTTP/1.1" 200 1826 "-" "Mozilla/5.0 (compatible; Googlebot/2.1; +http://www.google.com/bot.html)"
66.249.67.39 - - [01/May/2015:05:09:12 -0500] "GET /Services.html HTTP/1.1" 404 509 "-" "Mozilla/5.0 (iPhone; CPU iPhone OS 6_0 like Mac OS X) AppleWebKit/536.26 (KHTML, like Gecko) Version/6.0 Mobile/10A5376e Safari/8536.25 (compatible; Googlebot/2.1; +http://www.google.com/bot.html)"
66.249.67.2 - - [01/May/2015:05:29:36 -0500] "GET /robots.txt HTTP/1.1" 404 506 "-" "Mozilla/5.0 (compatible; Googlebot/2.1; +http://www.google.com/bot.html)"
66.249.67.146 - - [01/May/2015:05:29:36 -0500] "GET / HTTP/1.1" 200 1826 "-" "Mozilla/5.0 (compatible; Googlebot/2.1; +http://www.google.com/bot.html)"
66.249.67.2 - - [01/May/2015:06:35:58 -0500] "GET / HTTP/1.1" 200 1826 "-" "Mozilla/5.0 (compatible; Googlebot/2.1; +http://www.google.com/bot.html)"
67.152.152.11 - - [01/May/2015:10:44:44 -0500] "GET / HTTP/1.1" 200 1826 "-" "Mozilla/5.0 (Windows NT 6.3; WOW64) AppleWebKit/537.36 (KHTML, like Gecko) Chrome/42.0.2311.135 Safari/537.36"
67.152.152.11 - - [01/May/2015:10:44:44 -0500] "GET /style.css HTTP/1.1" 200 1351 "http://www.caus-solutions.com/" "Mozilla/5.0 (Windows NT 6.3; WOW64) AppleWebKit/537.36 (KHTML, like Gecko) Chrome/42.0.2311.135 Safari/537.36"
67.152.152.11 - - [01/May/2015:10:44:45 -0500] "GET /favicon.ico HTTP/1.1" 404 507 "http://www.caus-solutions.com/" "Mozilla/5.0 (Windows NT 6.3; WOW64) AppleWebKit/537.36 (KHTML, like Gecko) Chrome/42.0.2311.135 Safari/537.36"
67.152.152.11 - - [01/May/2015:10:45:08 -0500] "GET /WebFiles/dev/dev/ HTTP/1.1" 404 511 "-" "Mozilla/5.0 (Windows NT 6.3; WOW64) AppleWebKit/537.36 (KHTML, like Gecko) Chrome/42.0.2311.135 Safari/537.36"
67.152.152.11 - - [01/May/2015:10:45:10 -0500] "GET /WebFiles/dev/ HTTP/1.1" 404 510 "-" "Mozilla/5.0 (Windows NT 6.3; WOW64) AppleWebKit/537.36 (KHTML, like Gecko) Chrome/42.0.2311.135 Safari/537.36"
66.249.67.146 - - [01/May/2015:10:52:42 -0500] "GET /Services.php HTTP/1.1" 200 2068 "-" "Mozilla/5.0 (iPhone; CPU iPhone OS 6_0 like Mac OS X) AppleWebKit/536.26 (KHTML, like Gecko) Version/6.0 Mobile/10A5376e Safari/8536.25 (compatible; Googlebot/2.1; +http://www.google.com/bot.html)"
66.249.67.154 - - [01/May/2015:14:32:28 -0500] "GET / HTTP/1.1" 200 1826 "-" "Mozilla/5.0 (compatible; Googlebot/2.1; +http://www.google.com/bot.html)"
207.46.13.85 - - [01/May/2015:14:50:02 -0500] "GET /system/app/pages/reportAbuse HTTP/1.1" 404 520 "-" "Mozilla/5.0 (compatible; bingbot/2.0; +http://www.bing.com/bingbot.htm)"
66.249.67.154 - - [01/May/2015:15:11:51 -0500] "GET / HTTP/1.1" 200 1826 "-" "Mozilla/5.0 (compatible; Googlebot/2.1; +http://www.google.com/bot.html)"
66.249.67.47 - - [01/May/2015:16:26:10 -0500] "GET /robots.txt HTTP/1.1" 404 509 "-" "Mozilla/5.0 (compatible; Googlebot/2.1; +http://www.google.com/bot.html)"
66.249.67.39 - - [01/May/2015:16:26:10 -0500] "GET /Services.html HTTP/1.1" 404 509 "-" "Mozilla/5.0 (compatible; Googlebot/2.1; +http://www.google.com/bot.html)"
66.249.67.55 - - [01/May/2015:16:50:21 -0500] "GET /Services.html HTTP/1.1" 404 509 "-" "Mozilla/5.0 (iPhone; CPU iPhone OS 6_0 like Mac OS X) AppleWebKit/536.26 (KHTML, like Gecko) Version/6.0 Mobile/10A5376e Safari/8536.25 (compatible; Googlebot/2.1; +http://www.google.com/bot.html)"
66.249.67.2 - - [01/May/2015:16:50:33 -0500] "GET /mobile/ HTTP/1.1" 404 503 "-" "Mozilla/5.0 (iPhone; CPU iPhone OS 6_0 like Mac OS X) AppleWebKit/536.26 (KHTML, like Gecko) Version/6.0 Mobile/10A5376e Safari/8536.25 (compatible; Googlebot/2.1; +http://www.google.com/bot.html)"
66.249.67.146 - - [01/May/2015:17:30:22 -0500] "GET /robots.txt HTTP/1.1" 404 506 "-" "Mozilla/5.0 (compatible; Googlebot/2.1; +http://www.google.com/bot.html)"
66.249.67.154 - - [01/May/2015:17:30:22 -0500] "GET / HTTP/1.1" 200 1826 "-" "Mozilla/5.0 (compatible; Googlebot/2.1; +http://www.google.com/bot.html)"
66.249.67.2 - - [01/May/2015:18:30:06 -0500] "GET / HTTP/1.1" 200 1826 "-" "Mozilla/5.0 (compatible; Googlebot/2.1; +http://www.google.com/bot.html)"
66.249.67.2 - - [01/May/2015:20:27:28 -0500] "GET / HTTP/1.1" 200 1826 "-" "Mozilla/5.0 (compatible; Googlebot/2.1; +http://www.google.com/bot.html)"
207.46.13.119 - - [01/May/2015:21:23:48 -0500] "GET /system/app/pages/recentChanges HTTP/1.1" 404 521 "-" "Mozilla/5.0 (compatible; bingbot/2.0; +http://www.bing.com/bingbot.htm)"
66.249.67.154 - - [01/May/2015:22:14:21 -0500] "GET / HTTP/1.1" 200 1826 "-" "Mozilla/5.0 (compatible; Googlebot/2.1; +http://www.google.com/bot.html)"
68.0.154.144 - - [01/May/2015:22:14:29 -0500] "GET / HTTP/1.1" 200 1826 "-" "Mozilla/5.0 (Macintosh; Intel Mac OS X 10_10_3) AppleWebKit/537.36 (KHTML, like Gecko) Chrome/40.0.2214.115 Safari/537.36"
68.0.154.144 - - [01/May/2015:22:14:29 -0500] "GET /style.css HTTP/1.1" 200 1351 "http://www.caus-solutions.com/" "Mozilla/5.0 (Macintosh; Intel Mac OS X 10_10_3) AppleWebKit/537.36 (KHTML, like Gecko) Chrome/40.0.2214.115 Safari/537.36"
68.0.154.144 - - [01/May/2015:22:14:29 -0500] "GET /favicon.ico HTTP/1.1" 404 507 "-" "Mozilla/5.0 (Macintosh; Intel Mac OS X 10_10_3) AppleWebKit/537.36 (KHTML, like Gecko) Chrome/40.0.2214.115 Safari/537.36"
68.0.154.144 - - [01/May/2015:22:14:34 -0500] "GET /Services.html HTTP/1.1" 404 509 "http://www.caus-solutions.com/" "Mozilla/5.0 (Macintosh; Intel Mac OS X 10_10_3) AppleWebKit/537.36 (KHTML, like Gecko) Chrome/40.0.2214.115 Safari/537.36"
66.249.67.154 - - [01/May/2015:23:23:10 -0500] "GET / HTTP/1.1" 200 1826 "-" "Mozilla/5.0 (compatible; Googlebot/2.1; +http://www.google.com/bot.html)"
66.249.67.146 - - [02/May/2015:02:18:22 -0500] "GET /Services.html HTTP/1.1" 404 506 "-" "Mozilla/5.0 (compatible; Googlebot/2.1; +http://www.google.com/bot.html)"
66.249.67.47 - - [02/May/2015:03:15:30 -0500] "GET /Services.html HTTP/1.1" 404 509 "-" "Mozilla/5.0 (compatible; Googlebot/2.1; +http://www.google.com/bot.html)"
66.249.67.146 - - [02/May/2015:04:11:37 -0500] "GET /Services.html HTTP/1.1" 404 506 "-" "Mozilla/5.0 (compatible; Googlebot/2.1; +http://www.google.com/bot.html)"
66.249.67.146 - - [02/May/2015:04:44:50 -0500] "GET /mobile/ HTTP/1.1" 404 503 "-" "Mozilla/5.0 (iPhone; CPU iPhone OS 6_0 like Mac OS X) AppleWebKit/536.26 (KHTML, like Gecko) Version/6.0 Mobile/10A5376e Safari/8536.25 (compatible; Googlebot/2.1; +http://www.google.com/bot.html)"
66.249.67.55 - - [02/May/2015:06:15:40 -0500] "GET /robots.txt HTTP/1.1" 404 509 "-" "Mozilla/5.0 (compatible; Googlebot/2.1; +http://www.google.com/bot.html)"
66.249.67.55 - - [02/May/2015:06:15:40 -0500] "GET /data-loss-prevention HTTP/1.1" 404 513 "-" "Mozilla/5.0 (compatible; Googlebot/2.1; +http://www.google.com/bot.html)"
66.249.67.2 - - [02/May/2015:07:14:28 -0500] "GET /robots.txt HTTP/1.1" 404 506 "-" "Mozilla/5.0 (compatible; Googlebot/2.1; +http://www.google.com/bot.html)"
66.249.67.154 - - [02/May/2015:07:14:28 -0500] "GET /Services.html HTTP/1.1" 404 506 "-" "Mozilla/5.0 (compatible; Googlebot/2.1; +http://www.google.com/bot.html)"
66.249.67.154 - - [02/May/2015:08:06:23 -0500] "GET / HTTP/1.1" 200 1826 "-" "Mozilla/5.0 (compatible; Googlebot/2.1; +http://www.google.com/bot.html)"
207.46.13.10 - - [02/May/2015:08:06:56 -0500] "GET /home HTTP/1.1" 404 504 "-" "Mozilla/5.0 (compatible; bingbot/2.0; +http://www.bing.com/bingbot.htm)"
66.249.67.146 - - [02/May/2015:09:06:19 -0500] "GET / HTTP/1.1" 200 1826 "-" "Mozilla/5.0 (compatible; Googlebot/2.1; +http://www.google.com/bot.html)"
66.249.67.154 - - [02/May/2015:10:15:10 -0500] "GET / HTTP/1.1" 200 1826 "-" "Mozilla/5.0 (compatible; Googlebot/2.1; +http://www.google.com/bot.html)"
66.249.67.55 - - [02/May/2015:10:31:05 -0500] "GET /Services.html HTTP/1.1" 404 509 "-" "Mozilla/5.0 (iPhone; CPU iPhone OS 6_0 like Mac OS X) AppleWebKit/536.26 (KHTML, like Gecko) Version/6.0 Mobile/10A5376e Safari/8536.25 (compatible; Googlebot/2.1; +http://www.google.com/bot.html)"
66.249.67.2 - - [02/May/2015:11:09:08 -0500] "GET / HTTP/1.1" 200 1826 "-" "Mozilla/5.0 (compatible; Googlebot/2.1; +http://www.google.com/bot.html)"
66.249.67.2 - - [02/May/2015:11:52:47 -0500] "GET / HTTP/1.1" 200 1826 "-" "Mozilla/5.0 (compatible; Googlebot/2.1; +http://www.google.com/bot.html)"
66.249.67.154 - - [02/May/2015:12:59:27 -0500] "GET / HTTP/1.1" 200 1826 "-" "Mozilla/5.0 (compatible; Googlebot/2.1; +http://www.google.com/bot.html)"
66.249.67.154 - - [02/May/2015:14:52:07 -0500] "GET /Services.html HTTP/1.1" 404 506 "-" "Mozilla/5.0 (compatible; Googlebot/2.1; +http://www.google.com/bot.html)"
66.249.67.39 - - [02/May/2015:15:50:15 -0500] "GET /contact HTTP/1.1" 404 506 "-" "Mozilla/5.0 (compatible; Googlebot/2.1; +http://www.google.com/bot.html)"
66.249.67.154 - - [02/May/2015:16:35:36 -0500] "GET /m/ HTTP/1.1" 404 500 "-" "Mozilla/5.0 (iPhone; CPU iPhone OS 6_0 like Mac OS X) AppleWebKit/536.26 (KHTML, like Gecko) Version/6.0 Mobile/10A5376e Safari/8536.25 (compatible; Googlebot/2.1; +http://www.google.com/bot.html)"
66.249.67.2 - - [02/May/2015:16:51:06 -0500] "GET /Services.html HTTP/1.1" 404 506 "-" "Mozilla/5.0 (compatible; Googlebot/2.1; +http://www.google.com/bot.html)"
66.249.67.39 - - [02/May/2015:17:47:05 -0500] "GET /data-loss-prevention HTTP/1.1" 404 514 "-" "Mozilla/5.0 (compatible; Googlebot/2.1; +http://www.google.com/bot.html)"
